// Jest Snapshot v1, https://goo.gl/fbAQLP

exports[`renders correctly 1`] = `
<div
  className="sc-bdVaJa iftsku"
  height={450}
  width={800}
>
  <div
    className="sc-bwzfXH kLAijL"
    scale={1}
  >
    <div
      className="slide sc-htpNat OiCPo"
    >
      <div>
        <h1>
          Heading 1
        </h1>
        <hr />
        <h2>
          Heading 2
        </h2>
        <ul>
          <li>
            List Item 1
            <ul>
              <li>
                Sub List Item
              </li>
            </ul>
          </li>
          <li>
            List Item 2
          </li>
          <li>
            List Item 3
          </li>
          <li>
            List Item 4
          </li>
          <li>
            List Item 5
          </li>
        </ul>
        <hr />
        <h3>
          Heading 3
        </h3>
        <ol>
          <li>
            Numbered Item 1
            <ol>
              <li>
                Sub Numbered Item
              </li>
            </ol>
          </li>
          <li>
            Numbered Item 2
          </li>
          <li>
            Numbered Item 3
          </li>
          <li>
            Numbered Item 4
          </li>
          <li>
            Numbered Item 5
          </li>
        </ol>
        <hr />
        <h4>
          Heading 4
        </h4>
        <pre>
          <code
            className="javascript"
            dangerouslySetInnerHTML={
              Object {
                "__html": "<span class=\\"token keyword\\">const</span> variable <span class=\\"token operator\\">=</span> <span class=\\"token string\\">'123'</span>
console<span class=\\"token punctuation\\">.</span><span class=\\"token function\\">log</span><span class=\\"token punctuation\\">(</span>variable<span class=\\"token punctuation\\">)</span>",
              }
            }
          />
        </pre>
        <hr />
        <h5>
          Heading 5
        </h5>
        <p>
          <em>
            Italic text
          </em>
          <br />
          <strong>
            Bold text
          </strong>
          <br />
          <del>
            Strikethrough text
          </del>
        </p>
        <hr />
        <h6>
          Heading 6
        </h6>
        <p>
          <a
            href="https://slidesdown.com"
          >
            Slidesdown
          </a>
        </p>
        <blockquote>
          <p>
            Blockquote
          </p>
        </blockquote>
      </div>
    </div>
  </div>
</div>
`;
